2026-09-08 14:02:36 | ERROR | error | Whisper 모델 로딩 실패
Traceback (most recent call last):
  File "C:\Users\sumin\Desktop\Extract_Sync_Media\my-transcriber\.venv\lib\site-packages\httpx\_transports\default.py", line 101, in map_httpcore_exceptions
    yield
  File "C:\Users\sumin\Desktop\Extract_Sync_Media\my-transcriber\.venv\lib\site-packages\httpx\_transports\default.py", line 250, in handle_request
    resp = self._pool.handle_request(req)
  File "C:\Users\sumin\Desktop\Extract_Sync_Media\my-transcriber\.venv\lib\site-packages\httpcore\_sync\connection_pool.py", line 256, in handle_request
    raise exc from None
  File "C:\Users\sumin\Desktop\Extract_Sync_Media\my-transcriber\.venv\lib\site-packages\httpcore\_sync\connection_pool.py", line 236, in handle_request
    response = connection.handle_request(
  File "C:\Users\sumin\Desktop\Extract_Sync_Media\my-transcriber\.venv\lib\site-packages\httpcore\_sync\connection.py", line 103, in handle_request
    return self._connection.handle_request(request)
  File "C:\Users\sumin\Desktop\Extract_Sync_Media\my-transcriber\.venv\lib\site-packages\httpcore\_sync\http11.py", line 136, in handle_request
    raise exc
  File "C:\Users\sumin\Desktop\Extract_Sync_Media\my-transcriber\.venv\lib\site-packages\httpcore\_sync\http11.py", line 106, in handle_request
    ) = self._receive_response_headers(**kwargs)
  File "C:\Users\sumin\Desktop\Extract_Sync_Media\my-transcriber\.venv\lib\site-packages\httpcore\_sync\http11.py", line 177, in _receive_response_headers
    event = self._receive_event(timeout=timeout)
  File "C:\Users\sumin\Desktop\Extract_Sync_Media\my-transcriber\.venv\lib\site-packages\httpcore\_sync\http11.py", line 217, in _receive_event
    data = self._network_stream.read(
  File "C:\Users\sumin\Desktop\Extract_Sync_Media\my-transcriber\.venv\lib\site-packages\httpcore\_backends\sync.py", line 128, in read
    return self._sock.recv(max_bytes)
  File "C:\Users\sumin\AppData\Local\Programs\Python\Python39\lib\contextlib.py", line 135, in __exit__
    self.gen.throw(type, value, traceback)
  File "C:\Users\sumin\Desktop\Extract_Sync_Media\my-transcriber\.venv\lib\site-packages\httpcore\_exceptions.py", line 14, in map_exceptions
    raise to_exc(exc) from exc
httpcore.ReadError: [WinError 10053] 현재 연결은 사용자의 호스트 시스템의 소프트웨어의 의해 중단되었습니다

The above exception was the direct cause of the following exception:

Traceback (most recent call last):
  File "C:\Users\sumin\Desktop\Extract_Sync_Media\my-transcriber\services\transcribe.py", line 37, in get_model
    _model = WhisperModel(
  File "C:\Users\sumin\Desktop\Extract_Sync_Media\my-transcriber\.venv\lib\site-packages\faster_whisper\transcribe.py", line 681, in __init__
    model_path = download_model(
  File "C:\Users\sumin\Desktop\Extract_Sync_Media\my-transcriber\.venv\lib\site-packages\faster_whisper\utils.py", line 116, in download_model
    return huggingface_hub.snapshot_download(repo_id, **kwargs)
  File "C:\Users\sumin\Desktop\Extract_Sync_Media\my-transcriber\.venv\lib\site-packages\huggingface_hub\utils\_validators.py", line 89, in _inner_fn
    return fn(*args, **kwargs)
  File "C:\Users\sumin\Desktop\Extract_Sync_Media\my-transcriber\.venv\lib\site-packages\huggingface_hub\_snapshot_download.py", line 240, in snapshot_download
    repo_info = api.repo_info(repo_id=repo_id, repo_type=repo_type, revision=revision)
  File "C:\Users\sumin\Desktop\Extract_Sync_Media\my-transcriber\.venv\lib\site-packages\huggingface_hub\utils\_validators.py", line 89, in _inner_fn
    return fn(*args, **kwargs)
  File "C:\Users\sumin\Desktop\Extract_Sync_Media\my-transcriber\.venv\lib\site-packages\huggingface_hub\hf_api.py", line 3285, in repo_info
    return method(
  File "C:\Users\sumin\Desktop\Extract_Sync_Media\my-transcriber\.venv\lib\site-packages\huggingface_hub\utils\_validators.py", line 89, in _inner_fn
    return fn(*args, **kwargs)
  File "C:\Users\sumin\Desktop\Extract_Sync_Media\my-transcriber\.venv\lib\site-packages\huggingface_hub\hf_api.py", line 3020, in model_info
    r = get_session().get(path, headers=headers, timeout=timeout, params=params)
  File "C:\Users\sumin\Desktop\Extract_Sync_Media\my-transcriber\.venv\lib\site-packages\httpx\_client.py", line 1053, in get
    return self.request(
  File "C:\Users\sumin\Desktop\Extract_Sync_Media\my-transcriber\.venv\lib\site-packages\httpx\_client.py", line 825, in request
    return self.send(request, auth=auth, follow_redirects=follow_redirects)
  File "C:\Users\sumin\Desktop\Extract_Sync_Media\my-transcriber\.venv\lib\site-packages\httpx\_client.py", line 914, in send
    response = self._send_handling_auth(
  File "C:\Users\sumin\Desktop\Extract_Sync_Media\my-transcriber\.venv\lib\site-packages\httpx\_client.py", line 942, in _send_handling_auth
    response = self._send_handling_redirects(
  File "C:\Users\sumin\Desktop\Extract_Sync_Media\my-transcriber\.venv\lib\site-packages\httpx\_client.py", line 979, in _send_handling_redirects
    response = self._send_single_request(request)
  File "C:\Users\sumin\Desktop\Extract_Sync_Media\my-transcriber\.venv\lib\site-packages\httpx\_client.py", line 1014, in _send_single_request
    response = transport.handle_request(request)
  File "C:\Users\sumin\Desktop\Extract_Sync_Media\my-transcriber\.venv\lib\site-packages\httpx\_transports\default.py", line 250, in handle_request
    resp = self._pool.handle_request(req)
  File "C:\Users\sumin\AppData\Local\Programs\Python\Python39\lib\contextlib.py", line 135, in __exit__
    self.gen.throw(type, value, traceback)
  File "C:\Users\sumin\Desktop\Extract_Sync_Media\my-transcriber\.venv\lib\site-packages\httpx\_transports\default.py", line 118, in map_httpcore_exceptions
    raise mapped_exc(message) from exc
httpx.ReadError: [WinError 10053] 현재 연결은 사용자의 호스트 시스템의 소프트웨어의 의해 중단되었습니다
2026-09-08 14:02:36 | ERROR | error | 음성 전사 중 오류 발생 | file=Week4__.mp4
Traceback (most recent call last):
  File "C:\Users\sumin\Desktop\Extract_Sync_Media\my-transcriber\.venv\lib\site-packages\httpx\_transports\default.py", line 101, in map_httpcore_exceptions
    yield
  File "C:\Users\sumin\Desktop\Extract_Sync_Media\my-transcriber\.venv\lib\site-packages\httpx\_transports\default.py", line 250, in handle_request
    resp = self._pool.handle_request(req)
  File "C:\Users\sumin\Desktop\Extract_Sync_Media\my-transcriber\.venv\lib\site-packages\httpcore\_sync\connection_pool.py", line 256, in handle_request
    raise exc from None
  File "C:\Users\sumin\Desktop\Extract_Sync_Media\my-transcriber\.venv\lib\site-packages\httpcore\_sync\connection_pool.py", line 236, in handle_request
    response = connection.handle_request(
  File "C:\Users\sumin\Desktop\Extract_Sync_Media\my-transcriber\.venv\lib\site-packages\httpcore\_sync\connection.py", line 103, in handle_request
    return self._connection.handle_request(request)
  File "C:\Users\sumin\Desktop\Extract_Sync_Media\my-transcriber\.venv\lib\site-packages\httpcore\_sync\http11.py", line 136, in handle_request
    raise exc
  File "C:\Users\sumin\Desktop\Extract_Sync_Media\my-transcriber\.venv\lib\site-packages\httpcore\_sync\http11.py", line 106, in handle_request
    ) = self._receive_response_headers(**kwargs)
  File "C:\Users\sumin\Desktop\Extract_Sync_Media\my-transcriber\.venv\lib\site-packages\httpcore\_sync\http11.py", line 177, in _receive_response_headers
    event = self._receive_event(timeout=timeout)
  File "C:\Users\sumin\Desktop\Extract_Sync_Media\my-transcriber\.venv\lib\site-packages\httpcore\_sync\http11.py", line 217, in _receive_event
    data = self._network_stream.read(
  File "C:\Users\sumin\Desktop\Extract_Sync_Media\my-transcriber\.venv\lib\site-packages\httpcore\_backends\sync.py", line 128, in read
    return self._sock.recv(max_bytes)
  File "C:\Users\sumin\AppData\Local\Programs\Python\Python39\lib\contextlib.py", line 135, in __exit__
    self.gen.throw(type, value, traceback)
  File "C:\Users\sumin\Desktop\Extract_Sync_Media\my-transcriber\.venv\lib\site-packages\httpcore\_exceptions.py", line 14, in map_exceptions
    raise to_exc(exc) from exc
httpcore.ReadError: [WinError 10053] 현재 연결은 사용자의 호스트 시스템의 소프트웨어의 의해 중단되었습니다

The above exception was the direct cause of the following exception:

Traceback (most recent call last):
  File "C:\Users\sumin\Desktop\Extract_Sync_Media\my-transcriber\services\transcribe.py", line 106, in transcribe_media
    model = get_model()
  File "C:\Users\sumin\Desktop\Extract_Sync_Media\my-transcriber\services\transcribe.py", line 37, in get_model
    _model = WhisperModel(
  File "C:\Users\sumin\Desktop\Extract_Sync_Media\my-transcriber\.venv\lib\site-packages\faster_whisper\transcribe.py", line 681, in __init__
    model_path = download_model(
  File "C:\Users\sumin\Desktop\Extract_Sync_Media\my-transcriber\.venv\lib\site-packages\faster_whisper\utils.py", line 116, in download_model
    return huggingface_hub.snapshot_download(repo_id, **kwargs)
  File "C:\Users\sumin\Desktop\Extract_Sync_Media\my-transcriber\.venv\lib\site-packages\huggingface_hub\utils\_validators.py", line 89, in _inner_fn
    return fn(*args, **kwargs)
  File "C:\Users\sumin\Desktop\Extract_Sync_Media\my-transcriber\.venv\lib\site-packages\huggingface_hub\_snapshot_download.py", line 240, in snapshot_download
    repo_info = api.repo_info(repo_id=repo_id, repo_type=repo_type, revision=revision)
  File "C:\Users\sumin\Desktop\Extract_Sync_Media\my-transcriber\.venv\lib\site-packages\huggingface_hub\utils\_validators.py", line 89, in _inner_fn
    return fn(*args, **kwargs)
  File "C:\Users\sumin\Desktop\Extract_Sync_Media\my-transcriber\.venv\lib\site-packages\huggingface_hub\hf_api.py", line 3285, in repo_info
    return method(
  File "C:\Users\sumin\Desktop\Extract_Sync_Media\my-transcriber\.venv\lib\site-packages\huggingface_hub\utils\_validators.py", line 89, in _inner_fn
    return fn(*args, **kwargs)
  File "C:\Users\sumin\Desktop\Extract_Sync_Media\my-transcriber\.venv\lib\site-packages\huggingface_hub\hf_api.py", line 3020, in model_info
    r = get_session().get(path, headers=headers, timeout=timeout, params=params)
  File "C:\Users\sumin\Desktop\Extract_Sync_Media\my-transcriber\.venv\lib\site-packages\httpx\_client.py", line 1053, in get
    return self.request(
  File "C:\Users\sumin\Desktop\Extract_Sync_Media\my-transcriber\.venv\lib\site-packages\httpx\_client.py", line 825, in request
    return self.send(request, auth=auth, follow_redirects=follow_redirects)
  File "C:\Users\sumin\Desktop\Extract_Sync_Media\my-transcriber\.venv\lib\site-packages\httpx\_client.py", line 914, in send
    response = self._send_handling_auth(
  File "C:\Users\sumin\Desktop\Extract_Sync_Media\my-transcriber\.venv\lib\site-packages\httpx\_client.py", line 942, in _send_handling_auth
    response = self._send_handling_redirects(
  File "C:\Users\sumin\Desktop\Extract_Sync_Media\my-transcriber\.venv\lib\site-packages\httpx\_client.py", line 979, in _send_handling_redirects
    response = self._send_single_request(request)
  File "C:\Users\sumin\Desktop\Extract_Sync_Media\my-transcriber\.venv\lib\site-packages\httpx\_client.py", line 1014, in _send_single_request
    response = transport.handle_request(request)
  File "C:\Users\sumin\Desktop\Extract_Sync_Media\my-transcriber\.venv\lib\site-packages\httpx\_transports\default.py", line 250, in handle_request
    resp = self._pool.handle_request(req)
  File "C:\Users\sumin\AppData\Local\Programs\Python\Python39\lib\contextlib.py", line 135, in __exit__
    self.gen.throw(type, value, traceback)
  File "C:\Users\sumin\Desktop\Extract_Sync_Media\my-transcriber\.venv\lib\site-packages\httpx\_transports\default.py", line 118, in map_httpcore_exceptions
    raise mapped_exc(message) from exc
httpx.ReadError: [WinError 10053] 현재 연결은 사용자의 호스트 시스템의 소프트웨어의 의해 중단되었습니다
2026-09-09 08:23:37 | ERROR | error | 파일 업로드 처리 중 오류 발생
Traceback (most recent call last):
  File "C:\Users\sumin\Desktop\Extract_Sync_Media\my-transcriber\app.py", line 340, in upload
    if "media" not in request.files:
  File "C:\Users\sumin\Desktop\Extract_Sync_Media\my-transcriber\.venv\lib\site-packages\werkzeug\utils.py", line 100, in __get__
    value = self.fget(obj)  # type: ignore
  File "C:\Users\sumin\Desktop\Extract_Sync_Media\my-transcriber\.venv\lib\site-packages\werkzeug\wrappers\request.py", line 497, in files
    self._load_form_data()
  File "C:\Users\sumin\Desktop\Extract_Sync_Media\my-transcriber\.venv\lib\site-packages\flask\wrappers.py", line 198, in _load_form_data
    super()._load_form_data()
  File "C:\Users\sumin\Desktop\Extract_Sync_Media\my-transcriber\.venv\lib\site-packages\werkzeug\wrappers\request.py", line 272, in _load_form_data
    self._get_stream_for_parsing(),
  File "C:\Users\sumin\Desktop\Extract_Sync_Media\my-transcriber\.venv\lib\site-packages\werkzeug\wrappers\request.py", line 299, in _get_stream_for_parsing
    return self.stream
  File "C:\Users\sumin\Desktop\Extract_Sync_Media\my-transcriber\.venv\lib\site-packages\werkzeug\utils.py", line 100, in __get__
    value = self.fget(obj)  # type: ignore
  File "C:\Users\sumin\Desktop\Extract_Sync_Media\my-transcriber\.venv\lib\site-packages\werkzeug\wrappers\request.py", line 351, in stream
    return get_input_stream(
  File "C:\Users\sumin\Desktop\Extract_Sync_Media\my-transcriber\.venv\lib\site-packages\werkzeug\wsgi.py", line 187, in get_input_stream
    raise RequestEntityTooLarge()
werkzeug.exceptions.RequestEntityTooLarge: 413 Request Entity Too Large: The data value transmitted exceeds the capacity limit.
2026-09-09 08:37:42 | ERROR | error | 파일 업로드 처리 중 오류 발생
Traceback (most recent call last):
  File "C:\Users\sumin\Desktop\Extract_Sync_Media\my-transcriber\app.py", line 340, in upload
    if "media" not in request.files:
  File "C:\Users\sumin\Desktop\Extract_Sync_Media\my-transcriber\.venv\lib\site-packages\werkzeug\utils.py", line 100, in __get__
    value = self.fget(obj)  # type: ignore
  File "C:\Users\sumin\Desktop\Extract_Sync_Media\my-transcriber\.venv\lib\site-packages\werkzeug\wrappers\request.py", line 497, in files
    self._load_form_data()
  File "C:\Users\sumin\Desktop\Extract_Sync_Media\my-transcriber\.venv\lib\site-packages\flask\wrappers.py", line 198, in _load_form_data
    super()._load_form_data()
  File "C:\Users\sumin\Desktop\Extract_Sync_Media\my-transcriber\.venv\lib\site-packages\werkzeug\wrappers\request.py", line 272, in _load_form_data
    self._get_stream_for_parsing(),
  File "C:\Users\sumin\Desktop\Extract_Sync_Media\my-transcriber\.venv\lib\site-packages\werkzeug\wrappers\request.py", line 299, in _get_stream_for_parsing
    return self.stream
  File "C:\Users\sumin\Desktop\Extract_Sync_Media\my-transcriber\.venv\lib\site-packages\werkzeug\utils.py", line 100, in __get__
    value = self.fget(obj)  # type: ignore
  File "C:\Users\sumin\Desktop\Extract_Sync_Media\my-transcriber\.venv\lib\site-packages\werkzeug\wrappers\request.py", line 351, in stream
    return get_input_stream(
  File "C:\Users\sumin\Desktop\Extract_Sync_Media\my-transcriber\.venv\lib\site-packages\werkzeug\wsgi.py", line 187, in get_input_stream
    raise RequestEntityTooLarge()
werkzeug.exceptions.RequestEntityTooLarge: 413 Request Entity Too Large: The data value transmitted exceeds the capacity limit.
